 
Ansys Electronics Desktop Student Version 2025.2.4, Build: 2025-11-06 17:01:32
Location: C:\ANSYS Inc\ANSYS Student\v252\AnsysEM\ansysedtsv.exe
Non Graphical Mode: No Project??
Starting Batch Run: 5:11:42 PM  Aug 18, 2026
Running as user : LAPTOP-RVKO6ORH\user
Temp directory: C:\temp
Project directory: C:\Users\user\Documents\Ansoft
-- Message Window --
      *Global - Messages
        [info] gRPC server started on port 49281 of local host in insecure mode. Modification of these configurations is not recommended. Please see the documentation for your installed product for additional information. 
-- Message Window --
Stopping Batch Run: 5:11:53 PM  Aug 18, 2026
 
Ansys Electronics Desktop Student Version 2025.2.4, Build: 2025-11-06 17:01:32
Location: C:\ANSYS Inc\ANSYS Student\v252\AnsysEM\ansysedtsv.exe
Non Graphical Mode: No Project??
Starting Batch Run: 6:05:56 PM  Aug 18, 2026
Running as user : LAPTOP-RVKO6ORH\user
Temp directory: C:\temp
Project directory: C:\Users\user\Documents\Ansoft
-- Message Window --
      *Global - Messages
        [info] gRPC server started on port 50166 of local host in insecure mode. Modification of these configurations is not recommended. Please see the documentation for your installed product for additional information. 
-- Message Window --
Stopping Batch Run: 6:06:15 PM  Aug 18, 2026
 
Ansys Electronics Desktop Student Version 2025.2.4, Build: 2025-11-06 17:01:32
Location: C:\ANSYS Inc\ANSYS Student\v252\AnsysEM\ansysedtsv.exe
Non Graphical Mode: No Project??
Starting Batch Run: 6:06:37 PM  Aug 18, 2026
Running as user : LAPTOP-RVKO6ORH\user
Temp directory: C:\temp
Project directory: C:\Users\user\Documents\Ansoft
[info] gRPC server started on port 50087 of local host in insecure mode. Modification of these configurations is not recommended. Please see the documentation for your installed product for additional information.

 
Ansys Electronics Desktop Student Version 2025.2.4, Build: 2025-11-06 17:01:32
Location: C:\ANSYS Inc\ANSYS Student\v252\AnsysEM\ansysedtsv.exe
Non Graphical Mode: No Project??
Starting Batch Run: 6:07:58 PM  Aug 18, 2026
Running as user : LAPTOP-RVKO6ORH\user
Temp directory: C:\temp
Project directory: C:\Users\user\Documents\Ansoft
-- Message Window --
      *Global - Messages
        [info] gRPC server started on port 50716 of local host in insecure mode. Modification of these configurations is not recommended. Please see the documentation for your installed product for additional information. 
-- Message Window --
Stopping Batch Run: 6:08:09 PM  Aug 18, 2026
